c7e00000 T _start
c7e00020 t _undefined_instruction
c7e00024 t _software_interrupt
c7e00028 t _prefetch_abort
c7e0002c t _data_abort
c7e00030 t _not_used
c7e00034 t _irq
c7e00038 t _fiq
c7e0003c t _pad
c7e00040 T _end_vect
c7e00040 t _TEXT_BASE
c7e00044 t _TEXT_PHY_BASE
c7e00048 T _armboot_start
c7e0004c T _bss_start
c7e00050 T _bss_end
c7e00054 t reset
c7e00064 t cpu_init_crit
c7e000b8 t after_copy
c7e000b8 t enable_mmu
c7e000d8 t mmu_on
c7e000f4 t skip_hw_init
c7e000f4 t stack_setup
c7e000f8 t clear_bss
c7e00104 t clbss_l
c7e00118 t _start_armboot
c7e0011c t _mmu_table_base
c7e00120 T copy_from_nand
c7e0016c t copy_failed
c7e00174 t compare_failed
c7e0017c T theLastJump
c7e00198 t phy_last_jump
c7e001c0 t undefined_instruction
c7e00220 t software_interrupt
c7e00280 t prefetch_abort
c7e002e0 t data_abort
c7e00340 t not_used
c7e003a0 t irq
c7e00400 t fiq
c7e00460 T arm1136_cache_flush
c7e00480 T mem_ctrl_asm_init
c7e0057c t check_dmc1_ready
c7e00598 T cleanDCache
c7e005a4 T cleanFlushDCache
c7e005b0 T cleanFlushCache
c7e005dc t nandll_read_page
c7e00694 T copy_uboot_to_ram
c7e007b8 T raise
c7e007bc T __aeabi_ldiv0
c7e007c0 T __div0
c7e007c4 t _TEXT_BASE
c7e007c8 T lowlevel_init
c7e008a8 t wakeup_reset
c7e008d4 t system_clock_init
c7e00908 t check_syncack
c7e009a8 t uart_asm_init
c7e009f8 t nand_asm_init
c7e00a7c T enable_interrupts
c7e00a80 T disable_interrupts
c7e00a88 T set_timer
c7e00a98 T reset_timer_masked
c7e00acc T get_timer_masked
c7e00b34 T get_timer
c7e00b48 T udelay_masked
c7e00bbc T get_ticks
c7e00bd8 T get_tbclk
c7e00bf0 T interrupt_init
c7e00c7c T show_regs
c7e00db8 T bad_mode
c7e00ddc T do_irq
c7e00e00 T do_fiq
c7e00e24 T do_not_used
c7e00e48 T do_data_abort
c7e00e6c T do_prefetch_abort
c7e00e90 T do_software_interrupt
c7e00eb4 T do_undefined_instruction
c7e00ed8 T reset_timer
c7e00f0c T udelay
c7e00fb4 t cp_delay
c7e00fe0 T cpu_init
c7e00fe8 T cleanup_before_linux
c7e0101c T reset_cpu
c7e0105c T do_reset
c7e0107c T icache_enable
c7e01098 T branch_status
c7e010a8 T dcache_status
c7e010b8 T icache_status
c7e010c8 T branch_disable
c7e010e4 T branch_enable
c7e01100 T dcache_disable
c7e0111c T dcache_enable
c7e01138 T icache_disable
c7e01154 T serial_setbrg
c7e01158 T serial_putc
c7e01184 T serial_tstc
c7e01198 T serial_puts
c7e011bc T serial_getc
c7e011d8 T serial_init
c7e011e0 t get_PLLCLK
c7e0124c T get_UCLK
c7e01254 T get_FCLK
c7e0125c T get_PCLK
c7e012b8 T get_HCLK
c7e01314 T get_ARMCLK
c7e0133c T print_cpuinfo
c7e0144c T sbrk
c7e01498 T hang
c7e014a8 t display_dram_config
c7e014d8 t display_banner
c7e01500 t init_baudrate
c7e01560 T start_armboot
c7e01760 t __fswab16
c7e0177c t __fswab32
c7e0179c t startAgainTimeout
c7e017b0 t startAgainHandler
c7e017b4 T NetSetHandler
c7e017c4 T NetCksum
c7e01808 T NetCksumOk
c7e01834 T copy_filename
c7e01884 T string_to_VLAN
c7e018d4 T getenv_VLAN
c7e018ec T string_to_ip
c7e01960 T getenv_IPaddr
c7e01978 T NetEthHdrSize
c7e019c4 T VLAN_to_string
c7e01a1c T ip_to_string
c7e01a68 T print_IPaddr
c7e01a8c T NetSetEther
c7e01b4c t NetCopyIP
c7e01b54 T NetSetIP
c7e01c60 t NetWriteIP
c7e01c84 t NetReadIP
c7e01ca8 t PingHandler
c7e01ce0 T NetSendPacket
c7e01ce4 T ArpRequest
c7e01e10 T NetReceive
c7e02330 T PingSend
c7e024c0 T NetSetTimeout
c7e024fc T NetSendUDPPacket
c7e02670 t PingTimeout
c7e02694 T NetStartAgain
c7e0271c T ArpTimeoutCheck
c7e027a0 T NetLoop
c7e02c04 t __fswab16
c7e02c20 t TftpSend
c7e02db0 T TftpStart
c7e02fd0 t TftpTimeout
c7e03038 t TftpHandler
c7e032b8 t __fswab16
c7e032d4 t __fswab32
c7e032f4 t truncate_sz
c7e03328 t NetCopyIP
c7e03330 t NetWriteIP
c7e03354 t NetReadLong
c7e03378 T BootpRequest
c7e035ac t BootpHandler
c7e03938 t BootpTimeout
c7e0398c T RarpRequest
c7e03a98 t RarpHandler
c7e03b04 t RarpTimeout
c7e03b58 T eth_initialize
c7e03b60 t __fswab32
c7e03b80 t NfsTimeout
c7e03bac t basename
c7e03be4 t dirname
c7e03c00 t rpc_lookup_reply
c7e03cc0 t rpc_add_credentials
c7e03d98 t rpc_req
c7e03eb0 t rpc_lookup_req
c7e03f10 t NfsSend
c7e041a4 T NfsStart
c7e04414 t NfsHandler
c7e04958 t get_reg_init_bus
c7e049b8 t eth_reginit
c7e04a10 t cs8900_e2prom_ready
c7e04a38 t eth_reset
c7e04aa0 T eth_halt
c7e04ac4 T cs8900_e2prom_write
c7e04b24 T eth_init
c7e04bb8 T cs8900_e2prom_read
c7e04bfc T eth_send
c7e04cd0 T eth_rx
c7e04d58 T cs8900_get_enetaddr
c7e04f70 T nand_init
c7e05010 t generic_ffs
c7e05068 t nand_release_device
c7e05088 t nand_read_byte
c7e05098 t nand_read_byte16
c7e050ac t nand_read_word
c7e050bc t nand_write_buf
c7e050ec t nand_read_buf
c7e05114 t nand_verify_buf
c7e05158 t nand_write_buf16
c7e05188 t nand_read_buf16
c7e051b4 t nand_verify_buf16
c7e051f8 t nand_check_wp
c7e0523c T nand_wait_ready
c7e05258 t nand_read_page_raw
c7e05298 t nand_read_page_swecc
c7e053ac t nand_read_page_hwecc
c7e054e0 t nand_read_page_syndrome
c7e05604 t nand_read_oob_std
c7e05650 t nand_read_oob_syndrome
c7e05764 t nand_write_oob_std
c7e057dc t nand_write_oob_syndrome
c7e059a4 t nand_write_page_raw
c7e059e0 t nand_write_page_swecc
c7e05a90 t nand_write_page_hwecc
c7e05b64 t nand_write_page_syndrome
c7e05c54 t single_erase_cmd
c7e05c98 t multi_erase_cmd
c7e05d24 T nand_release
c7e05d4c T nand_scan_ident
c7e06218 t nand_resume
c7e06238 T nand_scan_tail
c7e06720 T nand_scan
c7e06740 t nand_select_chip
c7e067ac t nand_block_isbad
c7e06828 t nand_block_markbad
c7e0686c t nand_fill_oob
c7e06980 t nand_do_write_oob
c7e06a90 t nand_do_write_ops
c7e06db8 t nand_transfer_oob
c7e06ed0 t nand_command_lp
c7e07124 t nand_command
c7e072e0 t nand_do_read_ops
c7e076a4 T nand_read
c7e0774c t nand_write_page
c7e07840 T nand_erase_nand
c7e07af4 t nand_erase
c7e07afc t nand_default_block_markbad
c7e07bd8 t nand_wait
c7e07cac t nand_block_bad
c7e07dd0 t nand_suspend
c7e07dd8 t nand_sync
c7e07ddc t nand_write_oob
c7e07e98 t nand_write
c7e07f40 t nand_read_oob
c7e0810c T nand_calculate_ecc
c7e08204 T nand_correct_data
c7e0832c t check_pattern
c7e083e4 t scan_read_raw
c7e08430 t search_bbt
c7e085b8 T nand_isbad_bbt
c7e08608 t create_bbt
c7e08924 t read_bbt
c7e08b34 t read_abs_bbt
c7e08c00 t write_bbt
c7e09250 T nand_update_bbt
c7e093a8 t mark_bbt_region
c7e0951c T nand_scan_bbt
c7e099ac T nand_default_bbt
c7e09a84 T run_command
c7e09e54 t cread_add_char
c7e09f50 t cread_add_str
c7e09fa8 T readline
c7e0a640 T main_loop
c7e0a784 t print_num
c7e0a798 T do_bdinfo
c7e0a884 T do_go
c7e0a904 t __fswab32
c7e0a924 T gunzip
c7e0aa7c t zfree
c7e0aa84 t zalloc
c7e0aa94 T print_image_hdr
c7e0ae94 t do_imls
c7e0ae9c T do_bootm
c7e0b4ec t on_off
c7e0b528 T do_branch
c7e0b5b4 T do_dcache
c7e0b640 T do_icache
c7e0b6cc t cnvrt2
c7e0b710 T mk_date
c7e0b8dc T do_date
c7e0b9f0 T valid_elf_image
c7e0ba44 T load_elf_image
c7e0bb54 T do_bootvx
c7e0bcd0 T do_bootelf
c7e0bd74 T flash_sect_protect
c7e0bd94 T flash_sect_erase
c7e0bdb4 T do_flinfo
c7e0bdf4 t addr_spec
c7e0beb8 t abbrev_spec
c7e0c01c T do_protect
c7e0c1e8 T do_flerase
c7e0c334 t evalstr
c7e0c350 t evalexp
c7e0c39c T binary_test
c7e0c578 T do_itest
c7e0c620 T ktrans
c7e0c640 T chk1
c7e0c66c t bin_data_init
c7e0c6a4 t bin_data_char
c7e0c6e8 T k_data_init
c7e0c718 T k_data_save
c7e0c77c T k_data_restore
c7e0c7e0 T k_data_char
c7e0c844 T send_pad
c7e0c880 T s1_sendpacket
c7e0c8a8 T handle_send_packet
c7e0caa0 T send_nack
c7e0cb0c T send_ack
c7e0cb78 t getcxmodem
c7e0cba4 T do_load_serial_bin
c7e0d28c T do_load_serial
c7e0d598 T do_mem_base
c7e0d5e4 T do_mem_crc
c7e0d69c T do_mem_mtest
c7e0d7cc T cmd_get_data_size
c7e0d84c t mod_mem
c7e0d9cc T do_mem_nm
c7e0d9f4 T do_mem_mm
c7e0da1c T do_mem_loop
c7e0db14 T do_mem_cp
c7e0dc44 T do_mem_cmp
c7e0ddf0 T do_mem_mw
c7e0dec8 T do_mem_md
c7e0e0cc T do_sleep
c7e0e160 t __fswab32
c7e0e180 t nand_read
c7e0e1ac t str2long
c7e0e1f0 t arg_off_size
c7e0e2d0 T do_nandboot
c7e0e510 T do_nand
c7e0f110 T do_ping
c7e0f1a0 t netboot_common
c7e0f460 T do_nfs
c7e0f46c T do_rarpb
c7e0f478 T do_tftpb
c7e0f484 T do_bootp
c7e0f490 t envmatch
c7e0f508 T getenv_r
c7e0f5d0 T do_saveenv
c7e0f604 T getenv
c7e0f684 T _do_setenv
c7e0fb60 T do_setenv
c7e0fbac T setenv
c7e0fbe4 T do_printenv
c7e0fd88 T usb_get_class_desc
c7e0fe2c T usb_display_ep_desc
c7e0ff00 T usb_display_class_sub
c7e10110 T usb_show_tree_graph
c7e103c8 T usb_show_tree
c7e103fc T usb_display_desc
c7e10634 T usb_display_string
c7e1066c T usb_display_if_desc
c7e10704 T usb_display_conf_desc
c7e107b4 T usb_display_config
c7e10848 T do_usb
c7e10a2c T find_cmd
c7e10ac8 T do_echo
c7e10b54 T do_help
c7e10d04 T do_version
c7e10d2c T do_exit
c7e10d64 T do_test
c7e111b4 t console_setfile
c7e1125c T fgetc
c7e1128c T ftstc
c7e112bc T fputc
c7e112f0 T fputs
c7e11324 T disable_ctrlc
c7e1133c T had_ctrlc
c7e1134c T clear_ctrlc
c7e11360 T dbg
c7e1136c T console_init_f
c7e1137c T console_assign
c7e11418 T fprintf
c7e11460 T puts
c7e1147c T vprintf
c7e114a8 T printf
c7e114e8 T console_init_r
c7e11680 T serial_printf
c7e116c0 T putc
c7e116dc T tstc
c7e116f4 T getc
c7e1170c T ctrlc
c7e1176c T devices_done
c7e11790 T device_register
c7e117bc T devices_init
c7e1187c T malloc_bin_reloc
c7e118b4 T malloc_usable_size
c7e118f8 T mallopt
c7e1196c T malloc_trim
c7e11a40 T free
c7e11c98 T cfree
c7e11c9c T malloc
c7e122c0 T memalign
c7e123dc T pvalloc
c7e123f4 T valloc
c7e12400 T calloc
c7e124e8 T realloc
c7e12964 T env_get_char_memory
c7e12984 T env_get_addr
c7e129a4 t env_get_char_init
c7e129d0 T env_crc_update
c7e129fc T env_relocate
c7e12a98 T env_get_char_spec
c7e12aa4 T env_init
c7e12ac0 T saveenv
c7e12b80 t use_default
c7e12c18 T env_relocate_spec
c7e12ca0 t dummy
c7e12ca4 T get_version
c7e12cac T jumptable_init
c7e12d64 T flash_protect
c7e12e70 T addr2info
c7e12e78 T flash_perror
c7e12f58 T flash_write
c7e130c8 t b_reset
c7e130e4 T simple_itoa
c7e13140 t static_get
c7e1315c t static_peek
c7e13168 t file_peek
c7e13174 t setup_string_in_str
c7e131a0 t is_assignment
c7e131f8 T mapset
c7e1321c T u_boot_hush_start
c7e132a0 t file_get
c7e13454 t xmalloc
c7e13480 T new_pipe
c7e134b0 t syntax_err
c7e134bc t free_pipe_list
c7e135ac t b_free
c7e135d0 t xrealloc
c7e135fc t done_command
c7e13684 t done_pipe
c7e136d4 t initialize_context
c7e13714 t b_addchr
c7e13794 t b_addqchr
c7e137f0 T reserved_word
c7e13924 t done_word
c7e13aa0 t insert_var_value
c7e13c54 t set_local_var
c7e13e0c T update_ifs_map
c7e13e7c t parse_stream_outer
c7e14464 T parse_file_outer
c7e144ac T parse_string_outer
c7e14574 t run_list_real
c7e14db0 T GetHandleSize
c7e14db8 T ListSetAllocationPolicy
c7e14dcc T ListGetPtrToItem
c7e14dfc T ListGetDataPtr
c7e14e08 T ListGetItemSize
c7e14e14 T ListNumItems
c7e14e20 T ListGetItems
c7e14e68 T SetHandleSize
c7e14ee4 T ListInsertItems
c7e150a8 T ListInsertItem
c7e150b0 T DisposeHandle
c7e150d0 T ListDispose
c7e150d4 T NewHandle
c7e15130 T ListCreate
c7e15190 t hex1_bin
c7e151c8 t hex2_bin
c7e15204 T srec_decode
c7e15460 T usb_disable_asynch
c7e15478 T usb_maxpacket
c7e1549c T usb_set_maxpacket
c7e1554c T usb_get_dev_index
c7e15574 T usb_hub_reset
c7e15588 T usb_hub_allocate
c7e155d4 T usb_alloc_new_device
c7e15678 T usb_parse_config
c7e15804 T usb_submit_int_msg
c7e15808 T wait_ms
c7e15828 T usb_bulk_msg
c7e15890 T usb_control_msg
c7e1598c T usb_get_port_status
c7e159ec T usb_get_hub_status
c7e15a44 T usb_set_port_feature
c7e15aa4 t usb_hub_power_on
c7e15ae8 T usb_clear_port_feature
c7e15b48 T usb_clear_hub_feature
c7e15ba0 T usb_get_hub_descriptor
c7e15c00 T usb_get_string
c7e15c7c t usb_string_sub
c7e15d88 T usb_string
c7e15e84 T usb_get_class_descriptor
c7e15ef4 T usb_get_report
c7e15f64 T usb_set_idle
c7e15fc8 T usb_set_protocol
c7e16028 T usb_set_configuration
c7e16090 T usb_set_interface
c7e1615c T usb_set_address
c7e161a4 T usb_get_descriptor
c7e16210 T usb_get_configuration_no
c7e162b0 T usb_new_device
c7e16550 T usb_hub_port_connect_change
c7e166b8 T usb_hub_configure
c7e168f4 T usb_hub_probe
c7e16954 T usb_scan_devices
c7e169b8 T usb_clear_halt
c7e16a5c T usb_init
c7e16af8 T usb_stop
c7e16b28 T parse_num
c7e16c5c T xyzModem_error
c7e16cf8 T xyzModem_stream_close
c7e16d4c T CYGACC_COMM_IF_PUTC
c7e16d54 T CYGACC_COMM_IF_GETC_TIMEOUT
c7e16da8 t xyzModem_flush
c7e16ddc T xyzModem_stream_terminate
c7e16eb0 t xyzModem_get_hdr
c7e17154 T xyzModem_stream_read
c7e173d0 T xyzModem_stream_open
c7e17530 T do_usbd_dnw
c7e17644 T cyg_crc16
c7e1768c T crc32
c7e1778c T crc32_no_comp
c7e17884 T print_size
c7e17924 T display_options
c7e1794c T strcpy
c7e17964 T strncpy
c7e1798c T strcat
c7e179b8 T strncat
c7e17a04 T strcmp
c7e17a30 T strncmp
c7e17a74 T strchr
c7e17aa0 T strlen
c7e17ac0 T strrchr
c7e17b00 T strnlen
c7e17b28 T strspn
c7e17b6c T strpbrk
c7e17bac T strtok
c7e17c38 T strsep
c7e17c74 T strswab
c7e17cc0 T memset
c7e17cdc T bcopy
c7e17d08 T memcpy
c7e17d28 T memmove
c7e17d70 T memcmp
c7e17dac T memscan
c7e17dd0 T strstr
c7e17e3c T memchr
c7e17e68 T strdup
c7e17ea4 T simple_strtoul
c7e17f64 T simple_strtol
c7e17f98 t skip_atoi
c7e17fd4 t number
c7e1823c T panic
c7e18294 T vsprintf
c7e1868c T sprintf
c7e186bc t falloc
c7e186e0 t ffree
c7e186e4 t inflate_trees_free
c7e18720 t huft_build
c7e18d30 t inflate_codes_new
c7e18d88 t inflate_codes_free
c7e18db0 t inflate_blocks_reset
c7e18e7c T inflateEnd
c7e18f1c T inflateReset
c7e18f84 T inflateSync
c7e1908c T inflateInit2
c7e191cc T inflateInit
c7e191d4 T adler32
c7e19350 t inflate_flush
c7e194cc T inflateIncomp
c7e195fc T inflate
c7e1b54c T board_init
c7e1b59c T dram_init
c7e1b5bc T virt_to_phy_smdk6410
c7e1b5ec T checkboard
c7e1b60c T board_late_init
c7e1b6a4 t write_hword
c7e1b7a0 T write_buff
c7e1b928 T flash_print_info
c7e1ba48 T flash_erase
c7e1bc58 T flash_init
c7e1bca4 t WaitForXfer
c7e1bcf8 t i2c_transfer
c7e1c00c T i2c_write
c7e1c0a0 T vga_init
c7e1c10c T i2c_read
c7e1c1a8 T i2c_probe
c7e1c1e8 T i2c_init
c7e1c2c4 t td_alloc
c7e1c304 t urb_free_priv
c7e1c340 T rh_check_port_status
c7e1c348 T submit_common_msg
c7e1c350 T submit_control_msg
c7e1c358 T submit_int_msg
c7e1c360 T usb_lowlevel_init
c7e1c368 T usb_lowlevel_stop
c7e1c370 t td_fill
c7e1c420 T sohci_submit_job
c7e1c984 T submit_bulk_msg
c7e1c98c t s3c_nand_hwcontrol
c7e1ca04 t s3c_nand_device_ready
c7e1ca20 t s3c_nand_enable_hwecc
c7e1ca88 t s3c_nand_calculate_ecc
c7e1cb5c T s3c_nand_enable_hwecc_8bit
c7e1cbac T s3c_nand_calculate_ecc_8bit
c7e1cc7c T s3c_nand_write_page_8bit
c7e1cd38 t s3c_nand_read_page_4bit
c7e1ce4c t s3c_nand_write_page_4bit
c7e1cf20 T s3c_nand_correct_data_8bit
c7e1d078 T s3c_nand_read_page_8bit
c7e1d178 t s3c_nand_correct_data
c7e1d35c t s3c_nand_scan_bbt
c7e1d360 T board_nand_init
c7e1d62c T s3c_usb_core_soft_reset
c7e1d648 T s3c_usb_init_core
c7e1d664 T s3c_usb_check_current_mode
c7e1d678 T s3c_usb_set_soft_disconnect
c7e1d68c T s3c_usb_clear_soft_disconnect
c7e1d6a0 T s3c_usb_init_device
c7e1d6e0 T s3c_usbc_activate
c7e1d6e8 T s3c_usb_stop
c7e1d6f0 T s3c_usb_set_inep_xfersize
c7e1d71c T s3c_usb_set_outep_xfersize
c7e1d74c T s3c_usb_write_ep0_fifo
c7e1d7a0 T s3c_usb_write_in_fifo
c7e1d7f4 T s3c_usb_read_out_fifo
c7e1d844 T s3c_usb_get_desc
c7e1da14 T s3c_usb_clear_feature
c7e1daa8 T s3c_usb_set_feature
c7e1dc20 T s3c_usb_get_status
c7e1dcf0 T s3c_usb_ep0_int_hndlr
c7e1df28 T s3c_usb_set_otherspeed_conf_desc
c7e1e048 T s3c_usb_transfer_ep0
c7e1ecf8 T s3c_usb_int_bulkin
c7e1eec4 T s3c_usb_upload_start
c7e1f0f0 T s3c_usb_download_start
c7e1f30c T s3c_usb_dma_in_done
c7e1f41c T s3c_usb_set_all_outep_nak
c7e1f444 T s3c_usb_clear_all_outep_nak
c7e1f46c T s3c_usb_set_max_pktsize
c7e1f51c T s3c_usb_set_endpoint
c7e1f570 T s3c_usb_set_descriptors
c7e1f70c T s3c_usb_check_speed
c7e1f724 T s3c_usb_clear_dnfile_info
c7e1f764 T s3c_usb_clear_upfile_info
c7e1f7a4 T s3c_usb_check_setconf
c7e1f7d4 T s3c_usb_set_opmode
c7e1f8a4 T s3c_usb_reset
c7e1f90c T s3c_usb_set_init
c7e1f9a8 T s3c_usb_verify_checksum
c7e1fa78 T s3c_usb_download_continue
c7e1fbec T s3c_usb_int_bulkout
c7e1fc3c T s3c_usb_pkt_receive
c7e1fcbc T s3c_usb_print_pkt
c7e1fd08 T s3c_usb_dma_out_done
c7e1fe24 T s3c_usb_transfer
c7e1ff48 T s3c_udc_int_hndlr
c7e1ffe4 T s3c_usb_wait_cable_insert
c7e20034 T s3c_usb_init_phy
c7e20074 T s3c_usbctl_init
c7e201a8 t __fswab32
c7e201c8 T do_bootm_linux
c7e2056c T flush_cache
c7e20570 T GregorianDay
c7e20664 T to_tm
c7e20774 T mktime
c7e20808 t SetRTC_Access
c7e20844 t bcd2bin
c7e20858 t bin2bcd
c7e20890 T rtc_set
c7e20930 T rtc_get
c7e20a24 T rtc_reset
c7e20a4c t nand_block_bad_scrub
c7e20a54 T nand_lock
c7e20aa8 T nand_unlock
c7e20bc0 T nand_get_lock_status
c7e20c4c T nand_read_opts
c7e21014 T nand_write_opts
c7e21578 T nand_erase_opts
c7e218e4 T __div64_32
c7e21a04 T __aeabi_uidiv
c7e21a04 T __udivsi3
c7e21b00 T __aeabi_uidivmod
c7e21b18 T __aeabi_idiv
c7e21b18 T __divsi3
c7e21c44 T __aeabi_idivmod
c7e21c5c T __aeabi_lasr
c7e21c5c T __ashrdi3
c7e21c78 T __aeabi_llsl
c7e21c78 T __ashldi3
c7e21e90 r C.7.2543
c7e21f10 R version_string
c7e21f54 r default_nand_name
c7e21f5c r __FUNCTION__.4392
c7e21f6c r __FUNCTION__.3930
c7e21f7c r __FUNCTION__.3425
c7e21f8e r C.21.3068
c7e21f90 r __FUNCTION__.2904
c7e21fa4 r nand_ecc_precalc_table
c7e220a4 r baudrate_table
c7e220b8 r crc16_tab
c7e222b8 r crc_table
c7e226b8 r border
c7e22704 r inflate_mask
c7e22748 R string_desc0
c7e2274c R string_desc1
c7e22762 R string_desc2
c7e2278e R qualifier_desc
c7e22798 R config_full
c7e227a1 R config_full_total
c7e227c1 R config_high
c7e227ca R config_high_total
c7e227ec r C.7.2206
c7e288c4 D init_sequence
c7e288f8 D NetBcastAddr
c7e288fe D NetOurVLAN
c7e28900 D NetOurNativeVLAN
c7e28904 d nfs_offset
c7e28908 D nand_curr_device
c7e2890c d nand_oob_8
c7e28a5c d nand_oob_16
c7e28bac d nand_oob_64
c7e28cfc d nand_oob_128
c7e28e4c D nand_flash_ids
c7e293ec D nand_manuf_ids
c7e2942c d bbt_main_descr
c7e29450 d bbt_mirror_descr
c7e29474 d agand_flashbased
c7e29498 d largepage_flashbased
c7e294bc d smallpage_flashbased
c7e294e0 d largepage_memorybased
c7e29504 d smallpage_memorybased
c7e29528 d bbt_pattern
c7e2952c d mirror_pattern
c7e29530 d scan_agand_pattern
c7e29536 d scan_ff_pattern
c7e29538 d hist_cur
c7e2953c D load_addr
c7e29540 D weekdays
c7e2955c D op_table
c7e295c4 d do_echo
c7e295c8 D dp_last_length
c7e295cc D stdio_names
c7e295d8 d trim_threshold
c7e295dc d mmap_threshold
c7e295e0 d av_
c7e299e8 d sbrk_base
c7e299ec D env_get_char
c7e299f0 D default_environment
c7e29b04 D default_environment_size
c7e29b08 D env_name_spec
c7e29b0c d reserved_list
c7e29b90 D _ctype
c7e29c90 D zlib_version
c7e29c94 D z_errmsg
c7e29cb4 d cplens
c7e29d30 d cplext
c7e29dac d cpdist
c7e29e24 d cpdext
c7e29e9c d fixed_left
c7e29ea0 D CH7026_REGS_VGA_640
c7e2a018 D CH7026_REGS_TV
c7e2a158 d CH7026_REGS_VGA_800
c7e2a2b8 d s3c_nand_oob_mlc_64
c7e2a408 d s3c_nand_oob_16
c7e2a558 d s3c_nand_oob_mlc_128
c7e2a6a8 d s3c_nand_oob_mlc_128_8bit
c7e2a7f8 D test_pkt
c7e2a830 d month_days
c7e2a860 d autoplace_oobinfo
c7e2a9b0 d jffs2_oobinfo
c7e2ab00 d yaffs_oobinfo
c7e2ac50 A __u_boot_cmd_start
c7e2ac50 D __u_boot_cmd_bdinfo
c7e2ac68 D __u_boot_cmd_go
c7e2ac80 D __u_boot_cmd_reset
c7e2ac98 D __u_boot_cmd_bootm
c7e2acb0 D __u_boot_cmd_imls
c7e2acc8 D __u_boot_cmd_icache
c7e2ace0 D __u_boot_cmd_dcache
c7e2acf8 D __u_boot_cmd_branch
c7e2ad10 D __u_boot_cmd_date
c7e2ad28 D __u_boot_cmd_bootelf
c7e2ad40 D __u_boot_cmd_bootvx
c7e2ad58 D __u_boot_cmd_flinfo
c7e2ad70 D __u_boot_cmd_erase
c7e2ad88 D __u_boot_cmd_protect
c7e2ada0 D __u_boot_cmd_itest
c7e2adb8 D __u_boot_cmd_loads
c7e2add0 D __u_boot_cmd_loadb
c7e2ade8 D __u_boot_cmd_loady
c7e2ae00 D __u_boot_cmd_md
c7e2ae18 D __u_boot_cmd_mm
c7e2ae30 D __u_boot_cmd_nm
c7e2ae48 D __u_boot_cmd_mw
c7e2ae60 D __u_boot_cmd_cp
c7e2ae78 D __u_boot_cmd_cmp
c7e2ae90 D __u_boot_cmd_crc32
c7e2aea8 D __u_boot_cmd_base
c7e2aec0 D __u_boot_cmd_loop
c7e2aed8 D __u_boot_cmd_mtest
c7e2aef0 D __u_boot_cmd_sleep
c7e2af08 D __u_boot_cmd_nand
c7e2af20 D __u_boot_cmd_nboot
c7e2af38 D __u_boot_cmd_bootp
c7e2af50 D __u_boot_cmd_tftpboot
c7e2af68 D __u_boot_cmd_rarpboot
c7e2af80 D __u_boot_cmd_nfs
c7e2af98 D __u_boot_cmd_ping
c7e2afb0 D __u_boot_cmd_printenv
c7e2afc8 D __u_boot_cmd_setenv
c7e2afe0 D __u_boot_cmd_saveenv
c7e2aff8 D __u_boot_cmd_usb
c7e2b010 D __u_boot_cmd_version
c7e2b028 D __u_boot_cmd_echo
c7e2b040 D __u_boot_cmd_test
c7e2b058 D __u_boot_cmd_exit
c7e2b070 D __u_boot_cmd_help
c7e2b088 D __u_boot_cmd_question_mark
c7e2b0a0 D __u_boot_cmd_dnw
c7e2b0b8 A __u_boot_cmd_end
c7e2c000 R mmu_table
c7e30000 A __bss_start
c7e30000 B timer_load_val
c7e30004 b timestamp
c7e30008 b lastdec
c7e3000c B monitor_flash_len
c7e30010 b mem_malloc_start
c7e30014 b mem_malloc_end
c7e30018 b mem_malloc_brk
c7e3001c B NetOurSubnetMask
c7e30020 B NetOurGatewayIP
c7e30024 B NetOurDNSIP
c7e30028 B NetOurNISDomain
c7e30048 B NetOurHostName
c7e30068 B NetOurRootPath
c7e300a8 B NetBootFileSize
c7e300aa B NetServerEther
c7e300b0 B NetEtherNullAddr
c7e300b8 B NetTxPacket
c7e300bc B NetBootFileXferSize
c7e300c0 B NetOurEther
c7e300c8 B NetOurIP
c7e300cc B NetServerIP
c7e300d0 B NetRxPackets
c7e300e0 B NetRxPkt
c7e300e4 B NetRxPktLen
c7e300e8 B NetIPID
c7e300ec B NetState
c7e300f0 B BootFile
c7e30170 B NetPingIP
c7e30174 B PktBuf
c7e31f94 B NetArpWaitPacketIP
c7e31f98 B NetArpWaitReplyIP
c7e31f9c B NetArpWaitPacketMAC
c7e31fa0 B NetArpWaitTxPacket
c7e31fa4 B NetArpWaitTxPacketSize
c7e31fa8 B NetArpWaitPacketBuf
c7e325c8 B NetArpWaitTimerStart
c7e325cc B NetArpWaitTry
c7e325d0 b mac.2849
c7e325d8 b packetHandler
c7e325dc b timeHandler
c7e325e0 b timeStart
c7e325e4 b timeDelta
c7e325e8 b PingSeqNo
c7e325ec b TftpServerPort
c7e325f0 b TftpOurPort
c7e325f4 b TftpTimeoutCount
c7e325f8 b TftpBlock
c7e325fc b TftpLastBlock
c7e32600 b TftpBlockWrap
c7e32604 b TftpBlockWrapOffset
c7e32608 b TftpState
c7e3260c b default_filename
c7e3261c b tftp_filename
c7e32620 B BootpID
c7e32624 B BootpTry
c7e32628 B RarpTry
c7e3262c b rpc_id
c7e32630 b fs_mounted
c7e32634 b nfs_len
c7e32638 b dirfh
c7e32658 b filefh
c7e32678 b NfsDownloadState
c7e3267c b NfsServerIP
c7e32680 b NfsSrvMountPort
c7e32684 b NfsSrvNfsPort
c7e32688 b NfsOurPort
c7e3268c b NfsTimeoutCount
c7e32690 b NfsState
c7e32694 b default_filename
c7e326d4 b nfs_filename
c7e326d8 b nfs_path
c7e326dc b nfs_path_buff
c7e32edc B nand_info
c7e32f90 b nand_chip
c7e33094 B hist_num
c7e33098 B console_buffer
c7e33198 B hist_list
c7e331e8 B hist_lines
c7e345e8 b initted.2422
c7e345ec b hist_max
c7e345f0 b hist_add_idx
c7e345f4 B header
c7e34634 B os_data_count
c7e34638 B os_data_header
c7e34658 B his_eol
c7e3465c B his_pad_count
c7e34660 B his_pad_char
c7e34661 B his_quote
c7e34664 B os_data_init
c7e34668 B os_data_char
c7e3466c B send_parms
c7e34680 B send_ptr
c7e34684 b a_b
c7e3469c b os_data_state
c7e346a0 b os_data_state_saved
c7e346a4 b os_data_count_saved
c7e346a8 b os_data_addr
c7e346ac b os_data_addr_saved
c7e346b0 b bin_start_address
c7e346b4 b k_data_escape
c7e346b8 b k_data_escape_saved
c7e346bc B dp_last_addr
c7e346c0 B dp_last_size
c7e346c4 B mm_last_addr
c7e346c8 B mm_last_size
c7e346cc b base_address
c7e346d0 b ctrlc_was_pressed
c7e346d4 b ctrlc_disabled
c7e346d8 B devlist
c7e346dc B stdio_devices
c7e346e8 b top_pad
c7e346ec b n_mmaps_max
c7e346f0 b current_mallinfo
c7e34718 b max_sbrked_mem
c7e3471c b max_total_mem
c7e34720 B env_ptr
c7e34724 B last_return_code
c7e34728 B nesting_level
c7e3472c b top_vars
c7e34730 b flag_repeat
c7e34734 b do_repeat
c7e34738 b the_command.2487
c7e34838 b buf.2932
c7e34860 b local.2460
c7e34878 b ifs
c7e3487c b map
c7e3497c B usb_started
c7e34980 b usb_dev
c7e41200 b dev_index
c7e41204 b running
c7e41208 b asynch_allowed
c7e4120c b setup_packet
c7e41214 b hub_dev
c7e41314 b usb_hub_index
c7e41318 b xyz
c7e41754 B ___strtok
c7e41758 b fixed_lock
c7e4175c b fixed_built
c7e41760 b fixed_mem
c7e427f0 b fixed_bl
c7e427f4 b fixed_bd
c7e427f8 b fixed_tl
c7e427fc b fixed_td
c7e42800 B flash_info
c7e42900 B gtd
c7e43940 B ptd
c7e43a00 B ghcca
c7e43b00 B phcca
c7e43b10 B ohci_dev
c7e43ca0 B urb_priv
c7e43d74 B got_rhsc
c7e43d78 B devgone
c7e43d7c b gohci
c7e43f00 B boot_nand
c7e43f04 B cur_ecc_mode
c7e43f08 B nand_type
c7e43f0c B s3c_receive_done
c7e43f10 B s3c_got_header
c7e43f14 B op_mode
c7e43f18 B speed
c7e43f1c B s3c_usbd_dn_addr
c7e43f20 B DNW
c7e43f24 B remode_wakeup
c7e43f28 B config_value
c7e43f2a B otg
c7e43fae B get_status
c7e43fb3 B get_intf
c7e43fb4 b params
c7e43fb8 b none_oobinfo
c7e44108 b data_buf
c7e44908 b oob_buf
c7e44948 A _end
